\BOOKMARK [0][-]{chapter.1}{\376\377\000I\000n\000t\000r\000o\000d\000u\000c\000c\000i\000\363\000n}{}% 1
\BOOKMARK [1][-]{section.1.1}{\376\377\000A\000p\000o\000r\000t\000a\000c\000i\000o\000n\000e\000s}{chapter.1}% 2
\BOOKMARK [1][-]{section.1.2}{\376\377\000E\000s\000t\000r\000u\000c\000t\000u\000r\000a\000\040\000d\000e\000l\000\040\000d\000o\000c\000u\000m\000e\000n\000t\000o}{chapter.1}% 3
\BOOKMARK [0][-]{chapter.2}{\376\377\000M\000o\000t\000i\000v\000a\000c\000i\000\363\000n}{}% 4
\BOOKMARK [0][-]{chapter.3}{\376\377\000F\000u\000n\000d\000a\000m\000e\000n\000t\000o\000s\000\040\000t\000e\000\363\000r\000i\000c\000o\000s}{}% 5
\BOOKMARK [1][-]{section.3.1}{\376\377\000E\000s\000t\000a\000d\000\355\000s\000t\000i\000c\000a}{chapter.3}% 6
\BOOKMARK [2][-]{subsection.3.1.1}{\376\377\000P\000r\000o\000b\000a\000b\000i\000l\000i\000d\000a\000d\000\040\000y\000\040\000n\000o\000t\000a\000c\000i\000\363\000n\000\040\000b\000\341\000s\000i\000c\000a}{section.3.1}% 7
\BOOKMARK [2][-]{subsection.3.1.2}{\376\377\000V\000a\000r\000i\000a\000b\000l\000e\000s}{section.3.1}% 8
\BOOKMARK [2][-]{subsection.3.1.3}{\376\377\000E\000v\000e\000n\000t\000o\000s}{section.3.1}% 9
\BOOKMARK [2][-]{subsection.3.1.4}{\376\377\000P\000r\000o\000b\000a\000b\000i\000l\000i\000d\000a\000d\000\040\000c\000o\000n\000d\000i\000c\000i\000o\000n\000a\000l}{section.3.1}% 10
\BOOKMARK [2][-]{subsection.3.1.5}{\376\377\000I\000n\000d\000e\000p\000e\000n\000d\000e\000n\000c\000i\000a}{section.3.1}% 11
\BOOKMARK [2][-]{subsection.3.1.6}{\376\377\000D\000i\000s\000t\000r\000i\000b\000u\000c\000i\000o\000n\000e\000s\000\040\000d\000e\000\040\000p\000r\000o\000b\000a\000b\000i\000l\000i\000d\000a\000d}{section.3.1}% 12
\BOOKMARK [2][-]{subsection.3.1.7}{\376\377\000L\000e\000y\000\040\000d\000e\000\040\000p\000r\000o\000b\000a\000b\000i\000l\000i\000d\000a\000d\000\040\000t\000o\000t\000a\000l}{section.3.1}% 13
\BOOKMARK [2][-]{subsection.3.1.8}{\376\377\000U\000s\000o\000\040\000d\000e\000\040\000l\000a\000\040\000r\000e\000g\000l\000a\000\040\000d\000e\000\040\000B\000a\000y\000e\000s}{section.3.1}% 14
\BOOKMARK [2][-]{subsection.3.1.9}{\376\377\000V\000a\000l\000o\000r\000e\000s\000\040\000e\000s\000p\000e\000r\000a\000d\000o\000s}{section.3.1}% 15
\BOOKMARK [2][-]{subsection.3.1.10}{\376\377\000V\000a\000r\000i\000a\000n\000z\000a\000\040\000y\000\040\000c\000o\000v\000a\000r\000i\000a\000n\000z\000a}{section.3.1}% 16
\BOOKMARK [2][-]{subsection.3.1.11}{\376\377\000R\000e\000g\000r\000e\000s\000i\000\363\000n}{section.3.1}% 17
\BOOKMARK [1][-]{section.3.2}{\376\377\000S\000e\000r\000i\000e\000s\000\040\000t\000e\000m\000p\000o\000r\000a\000l\000e\000s}{chapter.3}% 18
\BOOKMARK [2][-]{subsection.3.2.1}{\376\377\000T\000a\000x\000o\000n\000o\000m\000\355\000a\000\040\000d\000e\000\040\000p\000r\000o\000b\000l\000e\000m\000a\000s\000\040\000e\000n\000\040\000s\000e\000r\000i\000e\000s\000\040\000t\000e\000m\000p\000o\000r\000a\000l\000e\000s}{section.3.2}% 19
\BOOKMARK [1][-]{section.3.3}{\376\377\000C\000a\000u\000s\000a\000l\000i\000d\000a\000d\000\040\000P\000e\000a\000r\000l\000i\000a\000n\000a}{chapter.3}% 20
\BOOKMARK [2][-]{subsection.3.3.1}{\376\377\000G\000r\000a\000f\000o\000s\000\040\000c\000a\000u\000s\000a\000l\000e\000s\000\040\000c\000o\000m\000o\000\040\000l\000e\000n\000g\000u\000a\000j\000e\000\040\000m\000a\000t\000e\000m\000\341\000t\000i\000c\000o}{section.3.3}% 21
\BOOKMARK [2][-]{subsection.3.3.2}{\376\377\000M\000o\000d\000e\000l\000o\000s\000\040\000c\000a\000u\000s\000a\000l\000e\000s\000\040\000e\000s\000t\000r\000u\000c\000t\000u\000r\000a\000l\000e\000s}{section.3.3}% 22
\BOOKMARK [2][-]{subsection.3.3.3}{\376\377\000I\000n\000t\000e\000r\000v\000e\000n\000c\000i\000o\000n\000e\000s}{section.3.3}% 23
\BOOKMARK [2][-]{subsection.3.3.4}{\376\377\000M\000e\000d\000i\000a\000c\000i\000\363\000n}{section.3.3}% 24
\BOOKMARK [2][-]{subsection.3.3.5}{\376\377\000C\000a\000u\000s\000a\000l\000i\000d\000a\000d\000\040\000e\000n\000\040\000s\000e\000r\000i\000e\000s\000\040\000t\000e\000m\000p\000o\000r\000a\000l\000e\000s}{section.3.3}% 25
\BOOKMARK [1][-]{section.3.4}{\376\377\000E\000x\000p\000l\000i\000c\000a\000b\000i\000l\000i\000d\000a\000d\000\040\000e\000n\000\040\000I\000A}{chapter.3}% 26
\BOOKMARK [0][-]{chapter.4}{\376\377\000E\000s\000t\000a\000d\000o\000\040\000d\000e\000l\000\040\000a\000r\000t\000e}{}% 27
\BOOKMARK [1][-]{section.4.1}{\376\377\000E\000x\000p\000l\000i\000c\000a\000c\000i\000o\000n\000e\000s\000\040\000c\000o\000n\000t\000r\000a\000f\000a\000c\000t\000u\000a\000l\000e\000s}{chapter.4}% 28
\BOOKMARK [1][-]{section.4.2}{\376\377\000M\000o\000d\000e\000l\000o\000s\000\040\000s\000u\000r\000r\000o\000g\000a\000d\000o\000s}{chapter.4}% 29
\BOOKMARK [0][-]{chapter.5}{\376\377\000A\000n\000\341\000l\000i\000s\000i\000s\000\040\000d\000e\000l\000\040\000p\000r\000o\000b\000l\000e\000m\000a}{}% 30
\BOOKMARK [0][-]{chapter.6}{\376\377\000P\000r\000o\000p\000u\000e\000s\000t\000a}{}% 31
\BOOKMARK [1][-]{section.6.1}{\376\377\000N\000o\000t\000a\000c\000i\000\363\000n}{chapter.6}% 32
\BOOKMARK [1][-]{section.6.2}{\376\377\000E\000n\000t\000r\000a\000d\000a\000s\000\040\000d\000e\000l\000\040\000a\000l\000g\000o\000r\000i\000t\000m\000o}{chapter.6}% 33
\BOOKMARK [1][-]{section.6.3}{\376\377\000S\000a\000l\000i\000d\000a\000s\000\040\000d\000e\000l\000\040\000a\000l\000g\000o\000r\000i\000t\000m\000o}{chapter.6}% 34
\BOOKMARK [1][-]{section.6.4}{\376\377\000A\000l\000g\000o\000r\000i\000t\000m\000o\000\040\000d\000e\000\040\000e\000x\000p\000l\000i\000c\000a\000c\000i\000\363\000n\000\040\000c\000o\000n\000t\000r\000a\000f\000a\000c\000t\000u\000a\000l}{chapter.6}% 35
\BOOKMARK [2][-]{subsection.6.4.1}{\376\377\000F\000a\000s\000e\000\040\0001\000:\000\040\000G\000e\000n\000e\000r\000a\000c\000i\000\363\000n\000\040\000d\000e\000\040\000c\000a\000n\000d\000i\000d\000a\000t\000o\000s\000\040\000c\000o\000n\000t\000r\000a\000f\000a\000c\000t\000u\000a\000l\000e\000s}{section.6.4}% 36
\BOOKMARK [2][-]{subsection.6.4.2}{\376\377\000F\000a\000s\000e\000\040\0002\000:\000\040\000G\000e\000n\000e\000r\000a\000c\000i\000\363\000n\000\040\000d\000e\000l\000\040\000c\000o\000n\000j\000u\000n\000t\000o\000\040\000d\000e\000\040\000c\000o\000b\000e\000r\000t\000u\000r\000a}{section.6.4}% 37
\BOOKMARK [2][-]{subsection.6.4.3}{\376\377\000F\000a\000s\000e\000\040\0003\000:\000\040\000E\000v\000a\000l\000u\000a\000c\000i\000\363\000n\000\040\000c\000a\000u\000s\000a\000l\000\040\000d\000e\000\040\000c\000o\000n\000t\000r\000a\000f\000a\000c\000t\000u\000a\000l\000e\000s}{section.6.4}% 38
\BOOKMARK [2][-]{subsection.6.4.4}{\376\377\000A\000l\000g\000o\000r\000i\000t\000m\000o\000\040\000c\000o\000m\000p\000l\000e\000t\000o}{section.6.4}% 39
\BOOKMARK [1][-]{section.6.5}{\376\377\000I\000m\000p\000l\000e\000m\000e\000n\000t\000a\000c\000i\000\363\000n}{chapter.6}% 40
\BOOKMARK [2][-]{subsection.6.5.1}{\376\377\000P\000r\000i\000n\000c\000i\000p\000i\000o\000s\000\040\000d\000e\000\040\000d\000i\000s\000e\000\361\000o}{section.6.5}% 41
\BOOKMARK [2][-]{subsection.6.5.2}{\376\377\000A\000r\000q\000u\000i\000t\000e\000c\000t\000u\000r\000a}{section.6.5}% 42
\BOOKMARK [2][-]{subsection.6.5.3}{\376\377\000I\000n\000s\000t\000a\000l\000a\000c\000i\000\363\000n}{section.6.5}% 43
\BOOKMARK [2][-]{subsection.6.5.4}{\376\377\000U\000s\000o}{section.6.5}% 44
\BOOKMARK [0][-]{chapter.7}{\376\377\000R\000e\000s\000u\000l\000t\000a\000d\000o\000s}{}% 45
\BOOKMARK [1][-]{section.7.1}{\376\377\000P\000r\000o\000t\000o\000c\000o\000l\000o\000\040\000e\000x\000p\000e\000r\000i\000m\000e\000n\000t\000a\000l}{chapter.7}% 46
\BOOKMARK [2][-]{subsection.7.1.1}{\376\377\000C\000o\000n\000j\000u\000n\000t\000o\000s\000\040\000d\000e\000\040\000d\000a\000t\000o\000s}{section.7.1}% 47
\BOOKMARK [2][-]{subsection.7.1.2}{\376\377\000M\000o\000d\000e\000l\000o\000s\000\040\000y\000\040\000o\000b\000j\000e\000t\000i\000v\000o\000s}{section.7.1}% 48
\BOOKMARK [2][-]{subsection.7.1.3}{\376\377\000M\000a\000g\000n\000i\000t\000u\000d\000e\000s\000\040\000r\000e\000g\000i\000s\000t\000r\000a\000d\000a\000s}{section.7.1}% 49
\BOOKMARK [2][-]{subsection.7.1.4}{\376\377\000V\000a\000l\000i\000d\000e\000z\000\040\000d\000e\000\040\000l\000o\000s\000\040\000m\000o\000d\000e\000l\000o\000s\000\040\000e\000n\000t\000r\000e\000n\000a\000d\000o\000s}{section.7.1}% 50
\BOOKMARK [1][-]{section.7.2}{\376\377\000R\000e\000s\000u\000l\000t\000a\000d\000o\000s\000\040\000g\000e\000n\000e\000r\000a\000l\000e\000s}{chapter.7}% 51
\BOOKMARK [1][-]{section.7.3}{\376\377\000C\000o\000n\000j\000u\000n\000t\000o\000\040\000d\000e\000\040\000d\000a\000t\000o\000s\000\040\000s\000i\000n\000t\000\351\000t\000i\000c\000o\000s}{chapter.7}% 52
\BOOKMARK [1][-]{section.7.4}{\376\377\000C\000o\000n\000j\000u\000n\000t\000o\000\040\000d\000e\000\040\000d\000a\000t\000o\000s\000\040\000r\000e\000a\000l\000e\000s}{chapter.7}% 53
\BOOKMARK [1][-]{section.7.5}{\376\377\000C\000o\000n\000t\000r\000a\000s\000t\000e\000\040\000c\000o\000n\000\040\000e\000l\000\040\000c\000o\000n\000t\000r\000o\000l\000\040\000a\000l\000e\000a\000t\000o\000r\000i\000o}{chapter.7}% 54
\BOOKMARK [1][-]{section.7.6}{\376\377\000R\000e\000l\000a\000c\000i\000\363\000n\000\040\000c\000o\000n\000\040\000l\000o\000s\000\040\000o\000b\000j\000e\000t\000i\000v\000o\000s\000\040\000d\000e\000\040\000l\000a\000\040\000F\000a\000s\000e\000\040\0001}{chapter.7}% 55
\BOOKMARK [0][-]{chapter.8}{\376\377\000M\000a\000r\000c\000o\000\040\000r\000e\000g\000u\000l\000a\000d\000o\000r}{}% 56
\BOOKMARK [1][-]{section.8.1}{\376\377\000L\000e\000g\000i\000s\000l\000a\000c\000i\000\363\000n}{chapter.8}% 57
\BOOKMARK [2][-]{subsection.8.1.1}{\376\377\000P\000r\000o\000t\000e\000c\000c\000i\000\363\000n\000\040\000d\000e\000\040\000d\000a\000t\000o\000s\000:\000\040\000R\000G\000P\000D\000\040\000y\000\040\000L\000O\000P\000D\000G\000D\000D}{section.8.1}% 58
\BOOKMARK [2][-]{subsection.8.1.2}{\376\377\000R\000e\000g\000u\000l\000a\000c\000i\000\363\000n\000\040\000d\000e\000\040\000l\000a\000\040\000i\000n\000t\000e\000l\000i\000g\000e\000n\000c\000i\000a\000\040\000a\000r\000t\000i\000f\000i\000c\000i\000a\000l\000:\000\040\000A\000I\000\040\000A\000c\000t}{section.8.1}% 59
\BOOKMARK [1][-]{section.8.2}{\376\377\000E\000s\000t\000\341\000n\000d\000a\000r\000e\000s\000\040\000d\000e\000\040\000p\000r\000o\000g\000r\000a\000m\000a\000c\000i\000\363\000n}{chapter.8}% 60
\BOOKMARK [1][-]{section.8.3}{\376\377\000P\000r\000o\000p\000i\000e\000d\000a\000d\000\040\000i\000n\000t\000e\000l\000e\000c\000t\000u\000a\000l\000\040\000y\000\040\000l\000i\000c\000e\000n\000c\000i\000a}{chapter.8}% 61
\BOOKMARK [0][-]{chapter.9}{\376\377\000I\000m\000p\000a\000c\000t\000o\000\040\000e\000c\000o\000n\000\363\000m\000i\000c\000o\000,\000\040\000s\000o\000c\000i\000a\000l\000,\000\040\000m\000e\000d\000i\000o\000a\000m\000b\000i\000e\000n\000t\000a\000l\000\040\000y\000\040\000\351\000t\000i\000c\000o}{}% 62
\BOOKMARK [1][-]{section.9.1}{\376\377\000I\000m\000p\000a\000c\000t\000o\000\040\000e\000c\000o\000n\000\363\000m\000i\000c\000o}{chapter.9}% 63
\BOOKMARK [1][-]{section.9.2}{\376\377\000I\000m\000p\000a\000c\000t\000o\000\040\000s\000o\000c\000i\000a\000l}{chapter.9}% 64
\BOOKMARK [1][-]{section.9.3}{\376\377\000I\000m\000p\000a\000c\000t\000o\000\040\000m\000e\000d\000i\000o\000a\000m\000b\000i\000e\000n\000t\000a\000l}{chapter.9}% 65
\BOOKMARK [1][-]{section.9.4}{\376\377\000I\000m\000p\000a\000c\000t\000o\000\040\000\351\000t\000i\000c\000o}{chapter.9}% 66
\BOOKMARK [0][-]{chapter.10}{\376\377\000P\000l\000a\000n\000i\000f\000i\000c\000a\000c\000i\000\363\000n}{}% 67
\BOOKMARK [0][-]{chapter.11}{\376\377\000P\000r\000e\000s\000u\000p\000u\000e\000s\000t\000o}{}% 68
\BOOKMARK [1][-]{section.11.1}{\376\377\000C\000o\000s\000t\000e\000\040\000d\000e\000\040\000i\000n\000f\000r\000a\000e\000s\000t\000r\000u\000c\000t\000u\000r\000a}{chapter.11}% 69
\BOOKMARK [1][-]{section.11.2}{\376\377\000C\000o\000s\000t\000e\000\040\000d\000e\000\040\000p\000e\000r\000s\000o\000n\000a\000l}{chapter.11}% 70
\BOOKMARK [1][-]{section.11.3}{\376\377\000C\000o\000s\000t\000e\000s\000\040\000i\000n\000d\000i\000r\000e\000c\000t\000o\000s}{chapter.11}% 71
\BOOKMARK [1][-]{section.11.4}{\376\377\000R\000e\000s\000u\000m\000e\000n\000\040\000y\000\040\000v\000i\000a\000b\000i\000l\000i\000d\000a\000d}{chapter.11}% 72
\BOOKMARK [0][-]{chapter.12}{\376\377\000C\000o\000n\000c\000l\000u\000s\000i\000o\000n\000e\000s}{}% 73
\BOOKMARK [0][-]{chapter.13}{\376\377\000F\000u\000t\000u\000r\000a\000s\000\040\000l\000\355\000n\000e\000a\000s\000\040\000d\000e\000\040\000i\000n\000v\000e\000s\000t\000i\000g\000a\000c\000i\000\363\000n}{}% 74
\BOOKMARK [0][-]{chapter.13}{\376\377\000B\000i\000b\000l\000i\000o\000g\000r\000a\000f\000\355\000a}{}% 75
